2019-03-06 11:48:07,694 - INFO - <ClientResponse(https://httpbin.org/response-headers?freeform=application/json) [200 OK]>
<CIMultiDictProxy('Access-Control-Allow-Credentials': 'true', 'Access-Control-Allow-Origin': '*', 'Content-Encoding': 'gzip', 'Content-Type': 'application/json', 'Date': 'Wed, 06 Mar 2019 08:48:07 GMT', 'freeform': 'application/json', 'Server': 'nginx', 'Transfer-Encoding': 'chunked', 'Connection': 'keep-alive')>

2019-03-06 11:48:09,256 - INFO - <ClientResponse(https://httpbin.org/get) [200 OK]>
<CIMultiDictProxy('Access-Control-Allow-Credentials': 'true', 'Access-Control-Allow-Origin': '*', 'Content-Encoding': 'gzip', 'Content-Type': 'application/json', 'Date': 'Wed, 06 Mar 2019 08:48:09 GMT', 'Server': 'nginx', 'Content-Length': '191', 'Connection': 'keep-alive')>

2019-03-06 11:48:09,836 - INFO - <ClientResponse(https://httpbin.org/status/200) [200 OK]>
<CIMultiDictProxy('Access-Control-Allow-Credentials': 'true', 'Access-Control-Allow-Origin': '*', 'Content-Type': 'text/html; charset=utf-8', 'Date': 'Wed, 06 Mar 2019 08:48:09 GMT', 'Server': 'nginx', 'Content-Length': '0', 'Connection': 'keep-alive')>

2019-03-06 11:48:10,566 - INFO - <ClientResponse(https://httpbin.org/status/300) [300 MULTIPLE CHOICES]>
<CIMultiDictProxy('Access-Control-Allow-Credentials': 'true', 'Access-Control-Allow-Origin': '*', 'Content-Type': 'text/html; charset=utf-8', 'Date': 'Wed, 06 Mar 2019 08:48:10 GMT', 'Server': 'nginx', 'Content-Length': '0', 'Connection': 'keep-alive')>

2019-03-06 11:48:11,175 - INFO - <ClientResponse(https://httpbin.org/status/400) [400 BAD REQUEST]>
<CIMultiDictProxy('Access-Control-Allow-Credentials': 'true', 'Access-Control-Allow-Origin': '*', 'Content-Type': 'text/html; charset=utf-8', 'Date': 'Wed, 06 Mar 2019 08:48:11 GMT', 'Server': 'nginx', 'Content-Length': '0', 'Connection': 'keep-alive')>

2019-03-06 11:48:11,891 - INFO - <ClientResponse(https://httpbin.org/status/500) [500 INTERNAL SERVER ERROR]>
<CIMultiDictProxy('Access-Control-Allow-Credentials': 'true', 'Access-Control-Allow-Origin': '*', 'Content-Type': 'text/html; charset=utf-8', 'Date': 'Wed, 06 Mar 2019 08:48:11 GMT', 'Server': 'nginx', 'Content-Length': '0', 'Connection': 'keep-alive')>

